Copyright 1986-2019 Xilinx, Inc. All Rights Reserved.
--------------------------------------------------------------------------------------
| Tool Version : Vivado v.2019.1.3 (win64) Build 2644227 Wed Sep  4 09:45:24 MDT 2019
| Date         : Fri Mar 11 02:33:30 2022
| Host         : DESKTOP-0NNGBEI running 64-bit major release  (build 9200)
| Command      : report_control_sets -verbose -file wrapper_control_sets_placed.rpt
| Design       : wrapper
| Device       : xc7z010
--------------------------------------------------------------------------------------

Control Set Information

Table of Contents
-----------------
1. Summary
2. Histogram
3. Flip-Flop Distribution
4. Detailed Control Set Information

1. Summary
----------

+----------------------------------------------------------+-------+
|                          Status                          | Count |
+----------------------------------------------------------+-------+
| Total control sets                                       |    31 |
|    Minimum number of control sets                        |    31 |
|    Addition due to synthesis replication                 |     0 |
|    Addition due to physical synthesis replication        |     0 |
| Unused register locations in slices containing registers |    65 |
+----------------------------------------------------------+-------+
* Control sets can be merged at opt_design using control_set_merge or merge_equivalent_drivers
** Run report_qor_suggestions for automated merging and remapping suggestions


2. Histogram
------------

+--------------------+-------+
|       Fanout       | Count |
+--------------------+-------+
| Total control sets |    31 |
| >= 0 to < 4        |     0 |
| >= 4 to < 6        |     2 |
| >= 6 to < 8        |    20 |
| >= 8 to < 10       |     4 |
| >= 10 to < 12      |     1 |
| >= 12 to < 14      |     1 |
| >= 14 to < 16      |     0 |
| >= 16              |     3 |
+--------------------+-------+
* Control sets can be remapped at either synth_design or opt_design


3. Flip-Flop Distribution
-------------------------

+--------------+-----------------------+------------------------+-----------------+--------------+
| Clock Enable | Synchronous Set/Reset | Asynchronous Set/Reset | Total Registers | Total Slices |
+--------------+-----------------------+------------------------+-----------------+--------------+
| No           | No                    | No                     |              35 |           12 |
| No           | No                    | Yes                    |              25 |           11 |
| No           | Yes                   | No                     |               9 |            4 |
| Yes          | No                    | No                     |              41 |           16 |
| Yes          | No                    | Yes                    |             116 |           47 |
| Yes          | Yes                   | No                     |              69 |           15 |
+--------------+-----------------------+------------------------+-----------------+--------------+


4. Detailed Control Set Information
-----------------------------------

+----------------------------------------------------+--------------------------------------------------------------------------+------------------------------------------------------------+------------------+----------------+
|                    Clock Signal                    |                               Enable Signal                              |                      Set/Reset Signal                      | Slice Load Count | Bel Load Count |
+----------------------------------------------------+--------------------------------------------------------------------------+------------------------------------------------------------+------------------+----------------+
|  clk_IBUF_BUFG                                     | Inst_keyboard/E[0]                                                       | btn_IBUF[0]                                                |                1 |              4 |
|  clk_IBUF_BUFG                                     | Inst_i2c/Inst_i2c_master/btn[0]                                          |                                                            |                2 |              4 |
|  clk_IBUF_BUFG                                     | Inst_i2c/Inst_i2c_master/addr_rw0                                        |                                                            |                3 |              6 |
|  clk_IBUF_BUFG                                     | Inst_i2c/byteSel[5]_i_1_n_0                                              | btn_IBUF[0]                                                |                2 |              6 |
|  clk_IBUF_BUFG                                     | Inst_keyboard/ps2_keyboard_0/E[0]                                        |                                                            |                3 |              7 |
|  clk_IBUF_BUFG                                     | Inst_keyboard/count_ascii_reg[5]                                         | btn_IBUF[0]                                                |                4 |              7 |
|  clk_IBUF_BUFG                                     | Inst_keyboard/count_ascii_reg[5]_0                                       | btn_IBUF[0]                                                |                2 |              7 |
|  clk_IBUF_BUFG                                     | Inst_keyboard/ascii_new_reg_5                                            | btn_IBUF[0]                                                |                5 |              7 |
|  clk_IBUF_BUFG                                     | Inst_keyboard/ascii_new_pulse_reg_0                                      | btn_IBUF[0]                                                |                3 |              7 |
|  clk_IBUF_BUFG                                     | Inst_keyboard/ascii_new_reg_1                                            | btn_IBUF[0]                                                |                4 |              7 |
|  clk_IBUF_BUFG                                     | Inst_keyboard/ascii_new_reg_2                                            | btn_IBUF[0]                                                |                4 |              7 |
|  clk_IBUF_BUFG                                     | Inst_keyboard/count_ascii_reg[4]_1                                       | btn_IBUF[0]                                                |                2 |              7 |
|  clk_IBUF_BUFG                                     | Inst_keyboard/ascii_new_reg_4                                            | btn_IBUF[0]                                                |                2 |              7 |
|  clk_IBUF_BUFG                                     | Inst_keyboard/ascii_new_pulse_reg_1                                      | btn_IBUF[0]                                                |                3 |              7 |
|  clk_IBUF_BUFG                                     | Inst_keyboard/count_ascii_reg[4]_0                                       | btn_IBUF[0]                                                |                2 |              7 |
|  clk_IBUF_BUFG                                     | Inst_keyboard/ascii_code[6]_i_1_n_0                                      |                                                            |                1 |              7 |
|  clk_IBUF_BUFG                                     | Inst_keyboard/ascii_new_reg_3                                            | btn_IBUF[0]                                                |                2 |              7 |
|  clk_IBUF_BUFG                                     | Inst_keyboard/ascii_new_pulse_reg                                        | btn_IBUF[0]                                                |                2 |              7 |
|  clk_IBUF_BUFG                                     | Inst_keyboard/ascii_new_reg_0                                            | btn_IBUF[0]                                                |                2 |              7 |
|  clk_IBUF_BUFG                                     | Inst_keyboard/ascii_new_reg_6                                            | btn_IBUF[0]                                                |                3 |              7 |
|  clk_IBUF_BUFG                                     | Inst_keyboard/ascii_new_reg_7                                            | btn_IBUF[0]                                                |                4 |              7 |
|  clk_IBUF_BUFG                                     | Inst_i2c/Inst_i2c_master/busy1                                           | btn_IBUF[0]                                                |                2 |              7 |
|  clk_IBUF_BUFG                                     | Inst_keyboard/ps2_keyboard_0/ps2_code_new0                               |                                                            |                4 |              8 |
|  clk_IBUF_BUFG                                     | Inst_i2c/lcd_delay_cnst                                                  |                                                            |                3 |              9 |
|  clk_IBUF_BUFG                                     | Inst_keyboard/ps2_keyboard_0/debounce_ps2_clk/sel                        | Inst_keyboard/ps2_keyboard_0/debounce_ps2_clk/counter_set  |                2 |              9 |
|  clk_IBUF_BUFG                                     | Inst_keyboard/ps2_keyboard_0/debounce_ps2_data/counter_out[8]_i_2__0_n_0 | Inst_keyboard/ps2_keyboard_0/debounce_ps2_data/counter_set |                2 |              9 |
| ~Inst_keyboard/ps2_keyboard_0/debounce_ps2_clk/CLK |                                                                          |                                                            |                2 |             11 |
|  clk_IBUF_BUFG                                     | Inst_keyboard/ps2_keyboard_0/count_idle[0]_i_2_n_0                       | Inst_keyboard/ps2_keyboard_0/debounce_ps2_clk/clear        |                4 |             13 |
|  clk_IBUF_BUFG                                     |                                                                          |                                                            |               10 |             24 |
|  clk_IBUF_BUFG                                     | Inst_i2c/lcd_delay[31]_i_1_n_0                                           | btn_IBUF[0]                                                |                5 |             32 |
|  clk_IBUF_BUFG                                     |                                                                          | btn_IBUF[0]                                                |               15 |             34 |
+----------------------------------------------------+--------------------------------------------------------------------------+------------------------------------------------------------+------------------+----------------+


