#-----------------------------------------------------------
# Vivado v2019.1 (64-bit)
# SW Build 2552052 on Fri May 24 14:47:09 MDT 2019
# IP Build 2548770 on Fri May 24 18:01:18 MDT 2019
# Start of session at: Thu Mar 10 15:09:37 2022
# Process ID: 46870
# Current directory: /home/spixy/Documents/College/EE316/EE316P4/Keyboard/keyboard/keyboard.runs/Keyboard_ps2_keyboard_to_ascii_0_0_synth_1
# Command line: vivado -log Keyboard_ps2_keyboard_to_ascii_0_0.vds -product Vivado -mode batch -messageDb vivado.pb -notrace -source Keyboard_ps2_keyboard_to_ascii_0_0.tcl
# Log file: /home/spixy/Documents/College/EE316/EE316P4/Keyboard/keyboard/keyboard.runs/Keyboard_ps2_keyboard_to_ascii_0_0_synth_1/Keyboard_ps2_keyboard_to_ascii_0_0.vds
# Journal file: /home/spixy/Documents/College/EE316/EE316P4/Keyboard/keyboard/keyboard.runs/Keyboard_ps2_keyboard_to_ascii_0_0_synth_1/vivado.jou
#-----------------------------------------------------------
source Keyboard_ps2_keyboard_to_ascii_0_0.tcl -notrace
